src/app/actions/__tests__/member.test.ts(61,56): error TS2345: Argument of type '{ user: { id: string; createdAt: Date; updatedAt: Date; email: string; emailVerified: boolean; name: string; image?: string | null | undefined; }; session: { id: string; createdAt: Date; ... 5 more ...; userAgent?: string | ... 1 more ... | undefined; }; }' is not assignable to parameter of type '{ session: { id: string; createdAt: Date; updatedAt: Date; userId: string; expiresAt: Date; token: string; ipAddress?: string | null | undefined; userAgent?: string | null | undefined; activeOrganizationId?: string | ... 1 more ... | undefined; activeTeamId?: string | ... 1 more ... | undefined; }; user: { ...; }; }'.
  Types of property 'user' are incompatible.
    Property 'twoFactorEnabled' is missing in type '{ id: string; createdAt: Date; updatedAt: Date; email: string; emailVerified: boolean; name: string; image?: string | null | undefined; }' but required in type '{ id: string; createdAt: Date; updatedAt: Date; email: string; emailVerified: boolean; name: string; image?: string | null | undefined; twoFactorEnabled: boolean | null | undefined; }'.
src/app/actions/__tests__/member.test.ts(76,56): error TS2345: Argument of type '{ user: { id: string; createdAt: Date; updatedAt: Date; email: string; emailVerified: boolean; name: string; image?: string | null | undefined; }; session: { id: string; createdAt: Date; ... 5 more ...; userAgent?: string | ... 1 more ... | undefined; }; }' is not assignable to parameter of type '{ session: { id: string; createdAt: Date; updatedAt: Date; userId: string; expiresAt: Date; token: string; ipAddress?: string | null | undefined; userAgent?: string | null | undefined; activeOrganizationId?: string | ... 1 more ... | undefined; activeTeamId?: string | ... 1 more ... | undefined; }; user: { ...; }; }'.
  Types of property 'user' are incompatible.
    Property 'twoFactorEnabled' is missing in type '{ id: string; createdAt: Date; updatedAt: Date; email: string; emailVerified: boolean; name: string; image?: string | null | undefined; }' but required in type '{ id: string; createdAt: Date; updatedAt: Date; email: string; emailVerified: boolean; name: string; image?: string | null | undefined; twoFactorEnabled: boolean | null | undefined; }'.
src/app/actions/__tests__/member.test.ts(77,54): error TS2345: Argument of type 'boolean' is not assignable to parameter of type 'void'.
src/app/actions/__tests__/member.test.ts(103,56): error TS2345: Argument of type '{ user: { id: string; createdAt: Date; updatedAt: Date; email: string; emailVerified: boolean; name: string; image?: string | null | undefined; }; session: { id: string; createdAt: Date; ... 5 more ...; userAgent?: string | ... 1 more ... | undefined; }; }' is not assignable to parameter of type '{ session: { id: string; createdAt: Date; updatedAt: Date; userId: string; expiresAt: Date; token: string; ipAddress?: string | null | undefined; userAgent?: string | null | undefined; activeOrganizationId?: string | ... 1 more ... | undefined; activeTeamId?: string | ... 1 more ... | undefined; }; user: { ...; }; }'.
  Types of property 'user' are incompatible.
    Property 'twoFactorEnabled' is missing in type '{ id: string; createdAt: Date; updatedAt: Date; email: string; emailVerified: boolean; name: string; image?: string | null | undefined; }' but required in type '{ id: string; createdAt: Date; updatedAt: Date; email: string; emailVerified: boolean; name: string; image?: string | null | undefined; twoFactorEnabled: boolean | null | undefined; }'.
src/app/actions/__tests__/member.test.ts(104,54): error TS2345: Argument of type 'boolean' is not assignable to parameter of type 'void'.
src/app/actions/__tests__/member.test.ts(105,62): error TS2345: Argument of type '{ id: string; }' is not assignable to parameter of type '{ id: string; organizationId: string; email: string; role: "member" | "admin" | "owner"; status: InvitationStatus; inviterId: string; expiresAt: Date; createdAt: Date; teamId?: string | undefined; } | { ...; }'.
  Type '{ id: string; }' is missing the following properties from type '{ id: string; organizationId: string; email: string; role: "member" | "admin" | "owner"; status: InvitationStatus; inviterId: string; expiresAt: Date; createdAt: Date; teamId?: string | undefined; }': organizationId, email, role, status, and 3 more.
src/app/actions/__tests__/org.test.ts(55,56): error TS2345: Argument of type '{ user: { id: string; createdAt: Date; updatedAt: Date; email: string; emailVerified: boolean; name: string; image?: string | null | undefined; }; session: { id: string; createdAt: Date; ... 5 more ...; userAgent?: string | ... 1 more ... | undefined; }; }' is not assignable to parameter of type '{ session: { id: string; createdAt: Date; updatedAt: Date; userId: string; expiresAt: Date; token: string; ipAddress?: string | null | undefined; userAgent?: string | null | undefined; activeOrganizationId?: string | ... 1 more ... | undefined; activeTeamId?: string | ... 1 more ... | undefined; }; user: { ...; }; }'.
  Types of property 'user' are incompatible.
    Property 'twoFactorEnabled' is missing in type '{ id: string; createdAt: Date; updatedAt: Date; email: string; emailVerified: boolean; name: string; image?: string | null | undefined; }' but required in type '{ id: string; createdAt: Date; updatedAt: Date; email: string; emailVerified: boolean; name: string; image?: string | null | undefined; twoFactorEnabled: boolean | null | undefined; }'.
src/app/actions/__tests__/org.test.ts(68,56): error TS2345: Argument of type '{ user: { id: string; createdAt: Date; updatedAt: Date; email: string; emailVerified: boolean; name: string; image?: string | null | undefined; }; session: { id: string; createdAt: Date; ... 5 more ...; userAgent?: string | ... 1 more ... | undefined; }; }' is not assignable to parameter of type '{ session: { id: string; createdAt: Date; updatedAt: Date; userId: string; expiresAt: Date; token: string; ipAddress?: string | null | undefined; userAgent?: string | null | undefined; activeOrganizationId?: string | ... 1 more ... | undefined; activeTeamId?: string | ... 1 more ... | undefined; }; user: { ...; }; }'.
  Types of property 'user' are incompatible.
    Property 'twoFactorEnabled' is missing in type '{ id: string; createdAt: Date; updatedAt: Date; email: string; emailVerified: boolean; name: string; image?: string | null | undefined; }' but required in type '{ id: string; createdAt: Date; updatedAt: Date; email: string; emailVerified: boolean; name: string; image?: string | null | undefined; twoFactorEnabled: boolean | null | undefined; }'.
